// Jest Snapshot v1, https://goo.gl/fbAQLP

exports[`D3 Framework shows the Info element 1`] = `
<section
  data-id="container"
>
  <svg
    data-component-type="chart"
    data-id="bar-chart"
    height={300}
    width={590}
  >
    <rect
      fill="gray"
      height={300}
      width="100%"
    />
    <g
      style={
        Object {
          "transform": "translate(20px, 20px)",
        }
      }
    >
      <g
        style={
          Object {
            "transform": "translateY(190px)",
          }
        }
      />
      <g>
        <rect
          height={180}
          width={49}
          x={8}
          y={0}
        />
        <text
          fill="#fff"
          x={10}
          y={-5}
        >
          1
        </text>
      </g>
      <g>
        <rect
          height={3}
          width={49}
          x={62}
          y={177}
        />
        <text
          fill="#fff"
          x={64}
          y={172}
        >
          0.01492
        </text>
      </g>
      <g>
        <rect
          height={5}
          width={49}
          x={116}
          y={175}
        />
        <text
          fill="#fff"
          x={118}
          y={170}
        >
          0.02782
        </text>
      </g>
      <g>
        <rect
          height={8}
          width={49}
          x={170}
          y={172}
        />
        <text
          fill="#fff"
          x={172}
          y={167}
        >
          0.04253
        </text>
      </g>
      <g>
        <rect
          height={23}
          width={49}
          x={224}
          y={157}
        />
        <text
          fill="#fff"
          x={226}
          y={152}
        >
          0.12702
        </text>
      </g>
      <g>
        <rect
          height={4}
          width={49}
          x={278}
          y={176}
        />
        <text
          fill="#fff"
          x={280}
          y={171}
        >
          0.02288
        </text>
      </g>
      <g>
        <rect
          height={4}
          width={49}
          x={332}
          y={176}
        />
        <text
          fill="#fff"
          x={334}
          y={171}
        >
          0.02015
        </text>
      </g>
      <g>
        <rect
          height={11}
          width={49}
          x={386}
          y={169}
        />
        <text
          fill="#fff"
          x={388}
          y={164}
        >
          0.06094
        </text>
      </g>
      <g>
        <rect
          height={13}
          width={49}
          x={440}
          y={167}
        />
        <text
          fill="#fff"
          x={442}
          y={162}
        >
          0.06966
        </text>
      </g>
      <g>
        <rect
          height={28}
          width={49}
          x={494}
          y={152}
        />
        <text
          fill="#fff"
          x={496}
          y={147}
        >
          0.153
        </text>
      </g>
    </g>
  </svg>
  <section
    data-id="control"
  >
    <form>
      <label
        data-id="control.info"
      >
        <button
          name="info"
          onClick={[Function]}
          value="show"
        >
          ?
        </button>
      </label>
      <label
        data-id="control.type"
      >
        Type
        <select
          name="chartType"
          onChange={[Function]}
          value="bar"
        >
          <option
            value="line"
          >
            Line
          </option>
          <option
            value="pie"
          >
            Pie
          </option>
          <option
            value="bar"
          >
            Bar
          </option>
        </select>
      </label>
      <label
        data-id="control.color"
      >
        Color
        <select
          name="color"
          onChange={[Function]}
          value="gray"
        >
          <option
            value="red"
          >
            Red
          </option>
          <option
            value="blue"
          >
            Blue
          </option>
          <option
            value="green"
          >
            Green
          </option>
          <option
            value="white"
          >
            White
          </option>
          <option
            value="gray"
          >
            Gray
          </option>
        </select>
      </label>
    </form>
  </section>
  <section
    data-id="info-min"
  >
    <a
      href="https://github.com/JoseHerminioCollas/d3-react"
      target="new"
    >
      D3 Framework
    </a>
    <a
      href="http://goatstone.com"
      target="new"
    >
      Goatstone © 2018
    </a>
  </section>
</section>
`;
