// Jest Snapshot v1, https://goo.gl/fbAQLP

exports[`D3 Framework shows the Info element 1`] = `
<section
  data-id="container"
>
  <svg
    data-component-type="chart"
    data-id="bar-chart"
    height={300}
    width={610}
  >
    <rect
      fill="gray"
      height={300}
      width="100%"
    />
    // ChartContainer
    <g
      style={
        Object {
          "transform": "translate(20px, 30px)",
        }
      }
    >
      <g>
        <rect
          height={200}
          width={49}
          x={8}
          y={0}
        />
        <text
          x={8}
          y={220}
        >
          A
        </text>
        <text
          x={8}
          y={235}
        >
          1
        </text>
      </g>
      <g>
        <rect
          height={3}
          width={49}
          x={62}
          y={197}
        />
        <text
          x={62}
          y={220}
        >
          B
        </text>
        <text
          x={62}
          y={235}
        >
          0.01492
        </text>
      </g>
      <g>
        <rect
          height={6}
          width={49}
          x={116}
          y={194}
        />
        <text
          x={116}
          y={220}
        >
          C
        </text>
        <text
          x={116}
          y={235}
        >
          0.02782
        </text>
      </g>
      <g>
        <rect
          height={9}
          width={49}
          x={170}
          y={191}
        />
        <text
          x={170}
          y={220}
        >
          D
        </text>
        <text
          x={170}
          y={235}
        >
          0.04253
        </text>
      </g>
      <g>
        <rect
          height={25}
          width={49}
          x={224}
          y={175}
        />
        <text
          x={224}
          y={220}
        >
          E
        </text>
        <text
          x={224}
          y={235}
        >
          0.12702
        </text>
      </g>
      <g>
        <rect
          height={5}
          width={49}
          x={278}
          y={195}
        />
        <text
          x={278}
          y={220}
        >
          F
        </text>
        <text
          x={278}
          y={235}
        >
          0.02288
        </text>
      </g>
      <g>
        <rect
          height={4}
          width={49}
          x={332}
          y={196}
        />
        <text
          x={332}
          y={220}
        >
          G
        </text>
        <text
          x={332}
          y={235}
        >
          0.02015
        </text>
      </g>
      <g>
        <rect
          height={12}
          width={49}
          x={386}
          y={188}
        />
        <text
          x={386}
          y={220}
        >
          H
        </text>
        <text
          x={386}
          y={235}
        >
          0.06094
        </text>
      </g>
      <g>
        <rect
          height={14}
          width={49}
          x={440}
          y={186}
        />
        <text
          x={440}
          y={220}
        >
          I
        </text>
        <text
          x={440}
          y={235}
        >
          0.06966
        </text>
      </g>
      <g>
        <rect
          height={0}
          width={49}
          x={494}
          y={200}
        />
        <text
          x={494}
          y={220}
        >
          J
        </text>
        <text
          x={494}
          y={235}
        >
          0.00153
        </text>
      </g>
    </g>
  </svg>
  <section
    data-id="control"
  >
    <form>
      <label
        data-id="control.info"
      >
        <button
          name="info"
          onClick={[Function]}
          value="show"
        >
          ?
        </button>
      </label>
      <label
        data-id="control.type"
      >
        Type
        <select
          name="chartType"
          onChange={[Function]}
          value="bar"
        >
          <option
            value="line"
          >
            Line
          </option>
          <option
            value="pie"
          >
            Pie
          </option>
          <option
            value="bar"
          >
            Bar
          </option>
        </select>
      </label>
      <label
        data-id="control.color"
      >
        Color
        <select
          name="color"
          onChange={[Function]}
          value="gray"
        >
          <option
            value="red"
          >
            Red
          </option>
          <option
            value="blue"
          >
            Blue
          </option>
          <option
            value="green"
          >
            Green
          </option>
          <option
            value="white"
          >
            White
          </option>
          <option
            value="gray"
          >
            Gray
          </option>
        </select>
      </label>
    </form>
  </section>
  <section
    data-id="info-min"
  >
    <a
      href="https://github.com/JoseHerminioCollas/d3-react"
      target="new"
    >
      D3 Framework
    </a>
    <a
      href="http://goatstone.com"
      target="new"
    >
      Goatstone © 2018
    </a>
  </section>
</section>
`;
