// Jest Snapshot v1, https://goo.gl/fbAQLP

exports[`D3 Framework shows the Info element 1`] = `
<section
  data-id="container"
>
  <div
    className="line-chart"
    data-component-type="chart"
    data-id="line-chart"
  >
    <svg
      className="main"
      data-component-type="container"
      data-id="chart-frame"
      height={300}
      width={700}
    >
      <rect
        data-id="chart-frame-background"
        fill="blue"
        height={300}
        width="100%"
      />
      <g
        style={
          Object {
            "transform": "translate(55px, 50px)",
          }
        }
      >
        <g>
          <g
            style={
              Object {
                "transform": "translateY(190px)",
              }
            }
          />
          <g />
          <g>
            <path
              className="spark-line"
              d="M0,184.57142857142858L46.15384615384615,179.14285714285717L92.3076923076923,190L138.46153846153848,103.14285714285717L184.6153846153846,86.85714285714289L230.76923076923077,65.14285714285714L276.92307692307696,54.28571428571428L323.07692307692304,59.71428571428572L369.2307692307692,76.00000000000003L415.38461538461536,70.57142857142856L461.53846153846155,59.71428571428572L507.6923076923077,48.85714285714286L553.8461538461539,32.57142857142861L600,0"
            />
          </g>
          <g>
            <path
              d="M-5,-5h10v10h-10Z"
              data-id="line-chart-symbol"
              style={
                Object {
                  "transform": "translate(0px, 184.57142857142858px)",
                }
              }
            />
            <path
              d="M-5,-5h10v10h-10Z"
              data-id="line-chart-symbol"
              style={
                Object {
                  "transform": "translate(46.15384615384615px, 179.14285714285717px)",
                }
              }
            />
            <path
              d="M-5,-5h10v10h-10Z"
              data-id="line-chart-symbol"
              style={
                Object {
                  "transform": "translate(92.3076923076923px, 190px)",
                }
              }
            />
            <path
              d="M-5,-5h10v10h-10Z"
              data-id="line-chart-symbol"
              style={
                Object {
                  "transform": "translate(138.46153846153848px, 103.14285714285717px)",
                }
              }
            />
            <path
              d="M-5,-5h10v10h-10Z"
              data-id="line-chart-symbol"
              style={
                Object {
                  "transform": "translate(184.6153846153846px, 86.85714285714289px)",
                }
              }
            />
            <path
              d="M-5,-5h10v10h-10Z"
              data-id="line-chart-symbol"
              style={
                Object {
                  "transform": "translate(230.76923076923077px, 65.14285714285714px)",
                }
              }
            />
            <path
              d="M-5,-5h10v10h-10Z"
              data-id="line-chart-symbol"
              style={
                Object {
                  "transform": "translate(276.92307692307696px, 54.28571428571428px)",
                }
              }
            />
            <path
              d="M-5,-5h10v10h-10Z"
              data-id="line-chart-symbol"
              style={
                Object {
                  "transform": "translate(323.07692307692304px, 59.71428571428572px)",
                }
              }
            />
            <path
              d="M-5,-5h10v10h-10Z"
              data-id="line-chart-symbol"
              style={
                Object {
                  "transform": "translate(369.2307692307692px, 76.00000000000003px)",
                }
              }
            />
            <path
              d="M-5,-5h10v10h-10Z"
              data-id="line-chart-symbol"
              style={
                Object {
                  "transform": "translate(415.38461538461536px, 70.57142857142856px)",
                }
              }
            />
            <path
              d="M-5,-5h10v10h-10Z"
              data-id="line-chart-symbol"
              style={
                Object {
                  "transform": "translate(461.53846153846155px, 59.71428571428572px)",
                }
              }
            />
            <path
              d="M-5,-5h10v10h-10Z"
              data-id="line-chart-symbol"
              style={
                Object {
                  "transform": "translate(507.6923076923077px, 48.85714285714286px)",
                }
              }
            />
            <path
              d="M-5,-5h10v10h-10Z"
              data-id="line-chart-symbol"
              style={
                Object {
                  "transform": "translate(553.8461538461539px, 32.57142857142861px)",
                }
              }
            />
            <path
              d="M-5,-5h10v10h-10Z"
              data-id="line-chart-symbol"
              style={
                Object {
                  "transform": "translate(600px, 0px)",
                }
              }
            />
          </g>
        </g>
      </g>
    </svg>
    <h3>
      Quality Level Over Time
    </h3>
  </div>
  <section
    data-id="control"
  >
    <form>
      <label
        data-id="control.info"
      >
        <button
          name="info"
          onClick={[Function]}
          value="show"
        >
          ?
        </button>
      </label>
      <label
        data-id="control.type"
      >
        Type
        <select
          name="chartType"
          onChange={[Function]}
          value="line"
        >
          <option
            value="line"
          >
            Line
          </option>
          <option
            value="pie"
          >
            Pie
          </option>
          <option
            value="bar"
          >
            Bar
          </option>
        </select>
      </label>
      <label
        data-id="control.color"
      >
        Color
        <select
          name="color"
          onChange={[Function]}
          value="blue"
        >
          <option
            value="red"
          >
            Red
          </option>
          <option
            value="blue"
          >
            Blue
          </option>
          <option
            value="green"
          >
            Green
          </option>
          <option
            value="white"
          >
            White
          </option>
          <option
            value="gray"
          >
            Gray
          </option>
        </select>
      </label>
      <label
        data-id="control.symbol"
      >
        Symbol
        <select
          name="chartSymbol"
          onChange={[Function]}
          value="symbolSquare"
        >
          <option
            value="symbolCircle"
          >
            Circle
          </option>
          <option
            value="symbolSquare"
          >
            Square
          </option>
          <option
            value="symbolTriangle"
          >
            Triangle
          </option>
        </select>
      </label>
    </form>
  </section>
  <section
    data-id="info-min"
  >
    <a
      href="https://github.com/JoseHerminioCollas/d3-react"
      target="new"
    >
      D3 Framework
    </a>
    <a
      href="http://goatstone.com"
      target="new"
    >
      Goatstone © 2018
    </a>
  </section>
</section>
`;
